============================= test session starts =============================
platform win32 -- Python 3.13.11, pytest-9.0.2, pluggy-1.6.0 -- C:\Users\ADMIN\anaconda3\envs\taichinh\python.exe
cachedir: .pytest_cache
django: version: 5.2.9, settings: core.settings (from ini)
rootdir: D:\App-QuanLyTaiChinh
configfile: pytest.ini
plugins: anyio-4.12.0, asyncio-1.3.0, base-url-2.1.0, django-4.11.1, playwright-0.7.2
asyncio: mode=Mode.AUTO, debug=False, asyncio_default_fixture_loop_scope=None, asyncio_default_test_loop_scope=function
collecting ... collected 1 item

tests/test_ui_access_code.py::test_access_code_page_loads[chromium] ERROR [100%]

=================================== ERRORS ====================================
___________ ERROR at setup of test_access_code_page_loads[chromium] ___________

self = <DatabaseWrapper vendor='postgresql' alias='default'>

    @contextmanager
    def _nodb_cursor(self):
        """
        Return a cursor from an alternative connection to be used when there is
        no need to access the main database, specifically for test db
        creation/deletion. This also prevents the production database from
        being exposed to potential child threads while (or after) the test
        database is destroyed. Refs #10868, #17786, #16969.
        """
        conn = self.__class__({**self.settings_dict, "NAME": None}, alias=NO_DB_ALIAS)
        try:
>           with conn.cursor() as cursor:
                 ^^^^^^^^^^^^^

C:\Users\ADMIN\anaconda3\envs\taichinh\Lib\site-packages\django\db\backends\base\base.py:712: 
_ _ _ _ _ _ _ _ _ _ _ _ _ _ _ _ _ _ _ _ _ _ _ _ _ _ _ _ _ _ _ _ _ _ _ _ _ _ _ _

args = (<DatabaseWrapper vendor='postgresql' alias='__no_db__'>,), kwargs = {}

    @wraps(func)
    def inner(*args, **kwargs):
        # Detect a running event loop in this thread.
        try:
            get_running_loop()
        except RuntimeError:
            pass
        else:
            if not os.environ.get("DJANGO_ALLOW_ASYNC_UNSAFE"):
>               raise SynchronousOnlyOperation(message)
E               django.core.exceptions.SynchronousOnlyOperation: You cannot call this from an async context - use a thread or sync_to_async.

C:\Users\ADMIN\anaconda3\envs\taichinh\Lib\site-packages\django\utils\asyncio.py:24: SynchronousOnlyOperation

During handling of the above exception, another exception occurred:

fixturedef = <FixtureDef argname='django_db_setup' scope='session' baseid=''>
request = <SubRequest 'django_db_setup' for <Function test_access_code_page_loads[chromium]>>

    @pytest.hookimpl(wrapper=True)
    def pytest_fixture_setup(fixturedef: FixtureDef, request) -> object | None:
        asyncio_mode = _get_asyncio_mode(request.config)
        if not _is_asyncio_fixture_function(fixturedef.func):
            if asyncio_mode == Mode.STRICT:
                # Ignore async fixtures without explicit asyncio mark in strict mode
                # This applies to pytest_trio fixtures, for example
                return (yield)
            if not _is_coroutine_or_asyncgen(fixturedef.func):
>               return (yield)
                        ^^^^^

C:\Users\ADMIN\anaconda3\envs\taichinh\Lib\site-packages\pytest_asyncio\plugin.py:730: 
_ _ _ _ _ _ _ _ _ _ _ _ _ _ _ _ _ _ _ _ _ _ _ _ _ _ _ _ _ _ _ _ _ _ _ _ _ _ _ _

request = <SubRequest 'django_db_setup' for <Function test_access_code_page_loads[chromium]>>
django_test_environment = None
django_db_blocker = <pytest_django.plugin.DjangoDbBlocker object at 0x000001F5B8E441A0>
django_db_use_migrations = False, django_db_keepdb = True
django_db_createdb = False, django_db_modify_db_settings = None

    @pytest.fixture(scope="session")
    def django_db_setup(
        request: pytest.FixtureRequest,
        django_test_environment: None,
        django_db_blocker: DjangoDbBlocker,
        django_db_use_migrations: bool,
        django_db_keepdb: bool,
        django_db_createdb: bool,
        django_db_modify_db_settings: None,
    ) -> Generator[None, None, None]:
        """Top level fixture to ensure test databases are available"""
        from django.test.utils import setup_databases, teardown_databases
    
        setup_databases_args = {}
    
        if not django_db_use_migrations:
            _disable_migrations()
    
        if django_db_keepdb and not django_db_createdb:
            setup_databases_args["keepdb"] = True
    
        aliases, serialized_aliases = _get_databases_for_setup(request.session.items)
    
        with django_db_blocker.unblock():
>           db_cfg = setup_databases(
                verbosity=request.config.option.verbose,
                interactive=False,
                aliases=aliases,
                serialized_aliases=serialized_aliases,
                **setup_databases_args,
            )

C:\Users\ADMIN\anaconda3\envs\taichinh\Lib\site-packages\pytest_django\fixtures.py:198: 
_ _ _ _ _ _ _ _ _ _ _ _ _ _ _ _ _ _ _ _ _ _ _ _ _ _ _ _ _ _ _ _ _ _ _ _ _ _ _ _

verbosity = 2, interactive = False
time_keeper = <django.test.utils.NullTimeKeeper object at 0x000001F5BAF47770>
keepdb = True, debug_sql = False, parallel = 0, aliases = ['default']
serialized_aliases = set(), kwargs = {}
test_databases = {('localhost', '5432', 'django.db.backends.postgresql', 'test_finance_db'): ('finance_db', ['default'])}

    def setup_databases(
        verbosity,
        interactive,
        *,
        time_keeper=None,
        keepdb=False,
        debug_sql=False,
        parallel=0,
        aliases=None,
        serialized_aliases=None,
        **kwargs,
    ):
        """Create the test databases."""
        if time_keeper is None:
            time_keeper = NullTimeKeeper()
    
        test_databases, mirrored_aliases = get_unique_databases_and_mirrors(aliases)
    
        old_names = []
        serialize_connections = []
    
        for db_name, aliases in test_databases.values():
            first_alias = None
            for alias in aliases:
                connection = connections[alias]
                old_names.append((connection, db_name, first_alias is None))
    
                # Actually create the database for the first connection
                if first_alias is None:
                    first_alias = alias
                    with time_keeper.timed("  Creating '%s'" % alias):
>                       connection.creation.create_test_db(
                            verbosity=verbosity,
                            autoclobber=not interactive,
                            keepdb=keepdb,
                            serialize=False,
                        )

C:\Users\ADMIN\anaconda3\envs\taichinh\Lib\site-packages\django\test\utils.py:204: 
_ _ _ _ _ _ _ _ _ _ _ _ _ _ _ _ _ _ _ _ _ _ _ _ _ _ _ _ _ _ _ _ _ _ _ _ _ _ _ _

self = <django.db.backends.postgresql.creation.DatabaseCreation object at 0x000001F5BAF26E90>
verbosity = 2, autoclobber = True, serialize = False, keepdb = True

    def create_test_db(
        self, verbosity=1, autoclobber=False, serialize=True, keepdb=False
    ):
        """
        Create a test database, prompting the user for confirmation if the
        database already exists. Return the name of the test database created.
        """
        # Don't import django.core.management if it isn't needed.
        from django.core.management import call_command
    
        test_database_name = self._get_test_db_name()
    
        if verbosity >= 1:
            action = "Creating"
            if keepdb:
                action = "Using existing"
    
            self.log(
                "%s test database for alias %s..."
                % (
                    action,
                    self._get_database_display_str(verbosity, test_database_name),
                )
            )
    
        # We could skip this call if keepdb is True, but we instead
        # give it the keepdb param. This is to handle the case
        # where the test DB doesn't exist, in which case we need to
        # create it, then just not destroy it. If we instead skip
        # this, we will get an exception.
>       self._create_test_db(verbosity, autoclobber, keepdb)

C:\Users\ADMIN\anaconda3\envs\taichinh\Lib\site-packages\django\db\backends\base\creation.py:62: 
_ _ _ _ _ _ _ _ _ _ _ _ _ _ _ _ _ _ _ _ _ _ _ _ _ _ _ _ _ _ _ _ _ _ _ _ _ _ _ _

self = <django.db.backends.postgresql.creation.DatabaseCreation object at 0x000001F5BAF26E90>
verbosity = 2, autoclobber = True, keepdb = True

    def _create_test_db(self, verbosity, autoclobber, keepdb=False):
        """
        Internal implementation - create the test db tables.
        """
        test_database_name = self._get_test_db_name()
        test_db_params = {
            "dbname": self.connection.ops.quote_name(test_database_name),
            "suffix": self.sql_table_creation_suffix(),
        }
        # Create the test database and connect to it.
>       with self._nodb_cursor() as cursor:
             ^^^^^^^^^^^^^^^^^^^

C:\Users\ADMIN\anaconda3\envs\taichinh\Lib\site-packages\django\db\backends\base\creation.py:202: 
_ _ _ _ _ _ _ _ _ _ _ _ _ _ _ _ _ _ _ _ _ _ _ _ _ _ _ _ _ _ _ _ _ _ _ _ _ _ _ _

self = <contextlib._GeneratorContextManager object at 0x000001F5BB53D4E0>

    def __enter__(self):
        # do not keep args and kwds alive unnecessarily
        # they are only needed for recreation, which is not possible anymore
        del self.args, self.kwds, self.func
        try:
>           return next(self.gen)
                   ^^^^^^^^^^^^^^

C:\Users\ADMIN\anaconda3\envs\taichinh\Lib\contextlib.py:141: 
_ _ _ _ _ _ _ _ _ _ _ _ _ _ _ _ _ _ _ _ _ _ _ _ _ _ _ _ _ _ _ _ _ _ _ _ _ _ _ _

self = <DatabaseWrapper vendor='postgresql' alias='default'>

    @contextmanager
    def _nodb_cursor(self):
        cursor = None
        try:
>           with super()._nodb_cursor() as cursor:
                 ^^^^^^^^^^^^^^^^^^^^^^

C:\Users\ADMIN\anaconda3\envs\taichinh\Lib\site-packages\django\db\backends\postgresql\base.py:507: 
_ _ _ _ _ _ _ _ _ _ _ _ _ _ _ _ _ _ _ _ _ _ _ _ _ _ _ _ _ _ _ _ _ _ _ _ _ _ _ _

self = <contextlib._GeneratorContextManager object at 0x000001F5BAF50EC0>

    def __enter__(self):
        # do not keep args and kwds alive unnecessarily
        # they are only needed for recreation, which is not possible anymore
        del self.args, self.kwds, self.func
        try:
>           return next(self.gen)
                   ^^^^^^^^^^^^^^

C:\Users\ADMIN\anaconda3\envs\taichinh\Lib\contextlib.py:141: 
_ _ _ _ _ _ _ _ _ _ _ _ _ _ _ _ _ _ _ _ _ _ _ _ _ _ _ _ _ _ _ _ _ _ _ _ _ _ _ _

self = <DatabaseWrapper vendor='postgresql' alias='default'>

    @contextmanager
    def _nodb_cursor(self):
        """
        Return a cursor from an alternative connection to be used when there is
        no need to access the main database, specifically for test db
        creation/deletion. This also prevents the production database from
        being exposed to potential child threads while (or after) the test
        database is destroyed. Refs #10868, #17786, #16969.
        """
        conn = self.__class__({**self.settings_dict, "NAME": None}, alias=NO_DB_ALIAS)
        try:
            with conn.cursor() as cursor:
                yield cursor
        finally:
>           conn.close()

C:\Users\ADMIN\anaconda3\envs\taichinh\Lib\site-packages\django\db\backends\base\base.py:715: 
_ _ _ _ _ _ _ _ _ _ _ _ _ _ _ _ _ _ _ _ _ _ _ _ _ _ _ _ _ _ _ _ _ _ _ _ _ _ _ _

args = (<DatabaseWrapper vendor='postgresql' alias='__no_db__'>,), kwargs = {}

    @wraps(func)
    def inner(*args, **kwargs):
        # Detect a running event loop in this thread.
        try:
            get_running_loop()
        except RuntimeError:
            pass
        else:
            if not os.environ.get("DJANGO_ALLOW_ASYNC_UNSAFE"):
>               raise SynchronousOnlyOperation(message)
E               django.core.exceptions.SynchronousOnlyOperation: You cannot call this from an async context - use a thread or sync_to_async.

C:\Users\ADMIN\anaconda3\envs\taichinh\Lib\site-packages\django\utils\asyncio.py:24: SynchronousOnlyOperation
---------------------------- Captured stderr setup ----------------------------
Using existing test database for alias 'default' ('test_finance_db')...

=========================== short test summary info ===========================
ERROR tests/test_ui_access_code.py::test_access_code_page_loads[chromium] - django.core.exceptions.SynchronousOnlyOperation: You cannot call this from an async context - use a thread or sync_to_async.
============================== 1 error in 2.13s ===============================
